2,Male,HG glioma,Supratentorial,90,19.35,SRT,1,8.98
5,Male,HG glioma,Supratentorial,90,5.06,SRT,1,6.3
7,Male,Meningioma,Supratentorial,80,3.19,SRT,0,55.8
8,Male,LG glioma,Supratentorial,80,12.37,SRT,0,42.1
10,Male,HG glioma,Supratentorial,100,2.53,SRT,0,11.48
11,Male,LG glioma,Supratentorial,80,0.14,SRT,1,35.93
14,Male,NA,Supratentorial,90,6.38,SRT,0,50.85
18,Male,HG glioma,Supratentorial,90,10.8,SRT,0,82.56
19,Male,Meningioma,Supratentorial,80,13.49,SRS,1,6.92
22,Male,HG glioma,Supratentorial,70,14.44,SRT,1,14
26,Male,LG glioma,Supratentorial,90,4.23,SRT,1,25.02
27,Male,Other,Supratentorial,60,34.64,SRT,1,11.57
28,Male,HG glioma,Supratentorial,70,33.69,SRT,1,0.07
29,Male,Meningioma,Supratentorial,60,3.81,SRT,0,36.1
32,Male,Meningioma,Supratentorial,90,2.56,SRS,0,44.39
38,Male,HG glioma,Supratentorial,90,9.95,SRT,1,6.23
42,Male,HG glioma,Supratentorial,90,0.28,SRT,1,16.43
44,Male,Meningioma,Supratentorial,80,12.63,SRT,1,4.16
46,Male,Meningioma,Supratentorial,60,7.09,SRS,1,31.25
47,Male,HG glioma,Supratentorial,80,29.27,SRT,0,5.15
49,Male,Meningioma,Supratentorial,70,0.97,SRT,1,1.41
53,Male,HG glioma,Supratentorial,90,2.5,SRT,1,9.77
58,Male,HG glioma,Supratentorial,80,3.75,SRT,1,19.9
62,Male,Meningioma,Supratentorial,80,11.51,SRT,1,14.62
64,Male,Meningioma,Supratentorial,80,4.77,SRT,0,67.38
65,Male,LG glioma,Supratentorial,80,9.58,SRT,0,78.75
71,Male,Meningioma,Supratentorial,70,8.45,SRT,0,19.41
72,Male,Meningioma,Supratentorial,80,20.93,SRT,1,31.15
73,Male,LG glioma,Supratentorial,90,2.64,SRT,0,20.13
75,Male,Other,Supratentorial,100,24.91,SRT,0,19.74
84,Male,HG glioma,Supratentorial,80,0.16,SRT,1,20.69
85,Male,HG glioma,Supratentorial,80,19.81,SRT,1,6.39
86,Male,Meningioma,Supratentorial,90,2.5,SRT,0,32.82
87,Male,Meningioma,Supratentorial,90,2.02,SRS,0,42.07
